[     624ms] [INFO] %cDownload the React DevTools for a better development experience: https://react.dev/link/react-devtools font-weight:bold @ http://localhost:3000/_next/static/chunks/0r_m_next_dist_13~aa_a._.js:2431
[     636ms] [LOG] [HMR] connected @ http://localhost:3000/_next/static/chunks/0r_m_next_dist_13~aa_a._.js:2431
[   16868ms] [LOG] [Fast Refresh] rebuilding @ http://localhost:3000/_next/static/chunks/0r_m_next_dist_13~aa_a._.js:2431
[   17274ms] [LOG] [Fast Refresh] done in 508ms @ http://localhost:3000/_next/static/chunks/0r_m_next_dist_13~aa_a._.js:2431
[  100997ms] [LOG] [Fast Refresh] rebuilding @ http://localhost:3000/_next/static/chunks/0r_m_next_dist_13~aa_a._.js:2431
[  101038ms] [LOG] [Fast Refresh] done in 127ms @ http://localhost:3000/_next/static/chunks/0r_m_next_dist_13~aa_a._.js:2431
[  116341ms] [LOG] [Fast Refresh] rebuilding @ http://localhost:3000/_next/static/chunks/0r_m_next_dist_13~aa_a._.js:2431
[  116373ms] [LOG] [Fast Refresh] done in 73ms @ http://localhost:3000/_next/static/chunks/0r_m_next_dist_13~aa_a._.js:2431
[  147036ms] [LOG] [Fast Refresh] rebuilding @ http://localhost:3000/_next/static/chunks/0r_m_next_dist_13~aa_a._.js:2431
[  147067ms] [LOG] [Fast Refresh] done in 73ms @ http://localhost:3000/_next/static/chunks/0r_m_next_dist_13~aa_a._.js:2431
[  175575ms] [LOG] [Fast Refresh] rebuilding @ http://localhost:3000/_next/static/chunks/0r_m_next_dist_13~aa_a._.js:2431
[  175611ms] [LOG] [Fast Refresh] done in 110ms @ http://localhost:3000/_next/static/chunks/0r_m_next_dist_13~aa_a._.js:2431
[  192676ms] [LOG] [Fast Refresh] rebuilding @ http://localhost:3000/_next/static/chunks/0r_m_next_dist_13~aa_a._.js:2431
[  192708ms] [LOG] [Fast Refresh] done in 75ms @ http://localhost:3000/_next/static/chunks/0r_m_next_dist_13~aa_a._.js:2431
[  207593ms] [LOG] [Fast Refresh] rebuilding @ http://localhost:3000/_next/static/chunks/0r_m_next_dist_13~aa_a._.js:2431
[  207623ms] [LOG] [Fast Refresh] done in 74ms @ http://localhost:3000/_next/static/chunks/0r_m_next_dist_13~aa_a._.js:2431
[  209851ms] [LOG] [Fast Refresh] rebuilding @ http://localhost:3000/_next/static/chunks/0r_m_next_dist_13~aa_a._.js:2431
[  209884ms] [LOG] [Fast Refresh] done in 65ms @ http://localhost:3000/_next/static/chunks/0r_m_next_dist_13~aa_a._.js:2431
[  245600ms] [LOG] [Fast Refresh] rebuilding @ http://localhost:3000/_next/static/chunks/0r_m_next_dist_13~aa_a._.js:2431
[  245633ms] [LOG] [Fast Refresh] done in 69ms @ http://localhost:3000/_next/static/chunks/0r_m_next_dist_13~aa_a._.js:2431
[  355228ms] [LOG] [Fast Refresh] rebuilding @ http://localhost:3000/_next/static/chunks/0r_m_next_dist_13~aa_a._.js:2431
[  355267ms] [LOG] [Fast Refresh] done in 109ms @ http://localhost:3000/_next/static/chunks/0r_m_next_dist_13~aa_a._.js:2431
[  373348ms] [LOG] [Fast Refresh] rebuilding @ http://localhost:3000/_next/static/chunks/0r_m_next_dist_13~aa_a._.js:2431
[  373378ms] [LOG] [Fast Refresh] done in 86ms @ http://localhost:3000/_next/static/chunks/0r_m_next_dist_13~aa_a._.js:2431
[  847503ms] [LOG] [Fast Refresh] rebuilding @ http://localhost:3000/_next/static/chunks/0r_m_next_dist_13~aa_a._.js:2431
[  847587ms] [LOG] [Fast Refresh] done in 94ms @ http://localhost:3000/_next/static/chunks/0r_m_next_dist_13~aa_a._.js:2431
[  901041ms] [LOG] [Fast Refresh] rebuilding @ http://localhost:3000/_next/static/chunks/0r_m_next_dist_13~aa_a._.js:2431
[  901092ms] [LOG] [Fast Refresh] done in 70ms @ http://localhost:3000/_next/static/chunks/0r_m_next_dist_13~aa_a._.js:2431
